@	databus	32	
			
SIS8300_INDENTIFIER_VERSION_REG	           1	0	4
SIS8300_SERIAL_NUMBER_REG	           1	4	4
SIS8300_XILINX_JTAG_REG              	   1	8	4
SIS8300_XILINX_ECC_REG              	   1	12	4
SIS8300_USER_CONTROL_STATUS_REG	           1	16	4
SIS8300_FIRMWARE_OPTIONS_REG	           1	20	4
SIS8300_ACQUISITION_CONTROL_STATUS_REG	   1	64	4
SIS8300_SAMPLE_CONTROL_REG	           1	68	4
SIS8300_MLVDS_IO_CONTROL_REG	           1	72	4
SIS8300_HARLINK_IN_OUT_CONTROL_REG	   1	76	4
SIS8300_DAC_TRIGGER_CONTROL_REG            1    128      4
SIS8300_CLOCK_DISTRIBUTION_MUX_REG	   1	256	4
SIS8300_AD9510_SPI_REG	                   1	260	4
SIS8300_CLOCK_MULTIPLIER_SPI_REG	   1	264	4
SIS8300_DAC_SPI_REG	                   1	272	4
SIS8300_DAC_CONTROL_REG	                   1	276	4
SIS8300_DAC_DATA_REG	                   1	280	4
SIS8300_ADC_SPI_REG	                   1	288	4
SIS8300_ADC_INPUT_TAP_DELAY_REG	           1	292	4
SIS8300_DAC_CLOCK_TRIGGER    		   1    312     4
SIS8300_DAC_RAM_ENDPOINT    		   1    316     4 
SIS8300_VIRTEX5_SYSTEM_MONITOR_DATA_REG	   1	576	4
SIS8300_VIRTEX5_SYSTEM_MONITOR_ADDR_REG	   1	580	4
SIS8300_VIRTEX5_SYSTEM_MONITOR_CTRL_REG	   1	584	4
SIS8300_TRIGGER_SETUP_CH1_REG	           1	1024	4
SIS8300_TRIGGER_SETUP_CH2_REG      	   1	1028	4
SIS8300_TRIGGER_SETUP_CH3_REG	           1	1032	4
SIS8300_TRIGGER_SETUP_CH4_REG	           1	1036	4
SIS8300_TRIGGER_SETUP_CH5_REG     	   1	1040	4
SIS8300_TRIGGER_SETUP_CH6_REG	           1	1044	4
SIS8300_TRIGGER_SETUP_CH7_REG	           1	1048	4
SIS8300_TRIGGER_SETUP_CH8_REG	           1	1052	4
SIS8300_TRIGGER_SETUP_CH9_REG	           1	1056	4
SIS8300_TRIGGER_SETUP_CH10_REG	           1	1060	4
SIS8300_TRIGGER_THRESHOLD_CH1_REG	   1	1088	4
SIS8300_TRIGGER_THRESHOLD_CH2_REG	   1	1092	4
SIS8300_TRIGGER_THRESHOLD_CH3_REG	   1	1096	4
SIS8300_TRIGGER_THRESHOLD_CH4_REG	   1	1100	4
SIS8300_TRIGGER_THRESHOLD_CH5_REG	   1	1104	4
SIS8300_TRIGGER_THRESHOLD_CH6_REG	   1	1108	4
SIS8300_TRIGGER_THRESHOLD_CH7_REG	   1	1112	4
SIS8300_TRIGGER_THRESHOLD_CH8_REG	   1	1116	4
SIS8300_TRIGGER_THRESHOLD_CH9_REG	   1	1120	4
SIS8300_TRIGGER_THRESHOLD_CH10_REG	   1	1124	4
SIS8300_SAMPLE_START_ADDRESS_CH1_REG	   1	1152	4
SIS8300_SAMPLE_START_ADDRESS_CH2_REG	   1	1156	4
SIS8300_SAMPLE_START_ADDRESS_CH3_REG	   1	1160	4
SIS8300_SAMPLE_START_ADDRESS_CH4_REG	   1	1164	4
SIS8300_SAMPLE_START_ADDRESS_CH5_REG	   1	1168	4
SIS8300_SAMPLE_START_ADDRESS_CH6_REG	   1	1172	4
SIS8300_SAMPLE_START_ADDRESS_CH7_REG	   1	1176	4
SIS8300_SAMPLE_START_ADDRESS_CH8_REG	   1	1180	4
SIS8300_SAMPLE_START_ADDRESS_CH9_REG	   1	1184	4
SIS8300_SAMPLE_START_ADDRESS_CH10_REG	   1	1188	4
SIS8300_SAMPLE_LENGTH_REG	           1	1192	4
SIS8300_PRETRIGGER_DELAY_REG	           1	1196	4
SIS8300_TEST_HISTO_MEM_ADDR		   1    1200    4
SIS8300_TEST_HISTO_MEM_DATA_WR		   1    1204    4
SIS8300_TEST_HISTO_CONTROL		   1    1208    4
SIS8300_RTM_LVDS_IO_CONTROL_REG		   1    1212    4
DMA_READ_DST_ADR_LO32	                   1	2048	4
DMA_READ_DST_ADR_HI32	                   1	2052	4
DMA_READ_SRC_ADR_LO32	                   1	2056	4
DMA_READ_LEN	                           1	2060	4
DMA_READ_CTRL	                           1	2064	4
DMA_WRITE_SRC_ADR_LO32	                   1	2112	4
DMA_WRITE_SRC_ADR_HI32	                   1	2116	4
DMA_WRITE_DST_ADR_LO32	                   1	2120	4
DMA_WRITE_LEN	                           1	2124	4
DMA_WRITE_CTRL                     	   1	2128	4
IRQ_ENABLE	                           1	2176	4
IRQ_STATUS	                           1	2180	4
IRQ_CLEAR	                           1	2184	4
IRQ_REFRESH	                           1	2188	4
DDR2_ACCESS_CONTROL	                   1	2240	4
